[
  {
    "canonicalReference": "fx!Base:interface",
    "name": "Base",
    "scopedName": "Base",
    "kind": "Interface",
    "parentCanonicalReference": "fx!",
    "isTopLevelExport": true,
    "fileUrlPath": "dist/.dts/index.d.ts",
    "releaseTag": "public",
    "isDeprecated": false,
    "isExported": true,
    "typeParameterNames": [],
    "extendsExcerptTexts": []
  },
  {
    "canonicalReference": "fx!Base#id:member",
    "name": "id",
    "scopedName": "Base.id",
    "kind": "PropertySignature",
    "parentCanonicalReference": "fx!Base:interface",
    "isTopLevelExport": false,
    "fileUrlPath": "dist/.dts/index.d.ts",
    "releaseTag": "public",
    "isDeprecated": false,
    "propertyTypeExcerptText": "string",
    "isOptional": false,
    "isReadonly": false
  },
  {
    "canonicalReference": "fx!betaFn:function(1)",
    "name": "betaFn",
    "scopedName": "betaFn()",
    "kind": "Function",
    "parentCanonicalReference": "fx!",
    "isTopLevelExport": true,
    "fileUrlPath": "dist/.dts/index.d.ts",
    "releaseTag": "beta",
    "isDeprecated": false,
    "isExported": true,
    "parameters": [],
    "returnTypeExcerptText": "void",
    "overloadIndex": 1,
    "typeParameterNames": []
  },
  {
    "canonicalReference": "fx!Both:interface",
    "name": "Both",
    "scopedName": "Both",
    "kind": "Interface",
    "parentCanonicalReference": "fx!",
    "isTopLevelExport": true,
    "fileUrlPath": "dist/.dts/index.d.ts",
    "releaseTag": "public",
    "isDeprecated": false,
    "isExported": true,
    "typeParameterNames": [],
    "extendsExcerptTexts": [
      "Base",
      "Marker"
    ]
  },
  {
    "canonicalReference": "fx!counter:var",
    "name": "counter",
    "scopedName": "counter",
    "kind": "Variable",
    "parentCanonicalReference": "fx!",
    "isTopLevelExport": true,
    "fileUrlPath": "dist/.dts/index.d.ts",
    "releaseTag": "public",
    "isDeprecated": false,
    "isExported": true,
    "isReadonly": false,
    "variableTypeExcerptText": "string"
  },
  {
    "canonicalReference": "fx!Extended:interface",
    "name": "Extended",
    "scopedName": "Extended",
    "kind": "Interface",
    "parentCanonicalReference": "fx!",
    "isTopLevelExport": true,
    "fileUrlPath": "dist/.dts/index.d.ts",
    "releaseTag": "public",
    "isDeprecated": false,
    "isExported": true,
    "typeParameterNames": [
      "T"
    ],
    "extendsExcerptTexts": [
      "Base"
    ]
  },
  {
    "canonicalReference": "fx!Extended#tag:member",
    "name": "tag",
    "scopedName": "Extended.tag",
    "kind": "PropertySignature",
    "parentCanonicalReference": "fx!Extended:interface",
    "isTopLevelExport": false,
    "fileUrlPath": "dist/.dts/index.d.ts",
    "releaseTag": "public",
    "isDeprecated": false,
    "propertyTypeExcerptText": "string",
    "isOptional": false,
    "isReadonly": true
  },
  {
    "canonicalReference": "fx!Extended#value:member",
    "name": "value",
    "scopedName": "Extended.value",
    "kind": "PropertySignature",
    "parentCanonicalReference": "fx!Extended:interface",
    "isTopLevelExport": false,
    "fileUrlPath": "dist/.dts/index.d.ts",
    "releaseTag": "public",
    "isDeprecated": false,
    "propertyTypeExcerptText": "T",
    "isOptional": true,
    "isReadonly": false
  },
  {
    "canonicalReference": "fx!Handler:type",
    "name": "Handler",
    "scopedName": "Handler",
    "kind": "TypeAlias",
    "parentCanonicalReference": "fx!",
    "isTopLevelExport": true,
    "fileUrlPath": "dist/.dts/index.d.ts",
    "releaseTag": "public",
    "isDeprecated": false,
    "isExported": true,
    "typeParameterNames": [
      "T"
    ],
    "typeAliasExcerptText": "(event: T) => void"
  },
  {
    "canonicalReference": "fx!Level:enum",
    "name": "Level",
    "scopedName": "Level",
    "kind": "Enum",
    "parentCanonicalReference": "fx!",
    "isTopLevelExport": true,
    "fileUrlPath": "dist/.dts/index.d.ts",
    "releaseTag": "public",
    "isDeprecated": false,
    "isExported": true
  },
  {
    "canonicalReference": "fx!Level.High:member",
    "name": "High",
    "scopedName": "Level.High",
    "kind": "EnumMember",
    "parentCanonicalReference": "fx!Level:enum",
    "isTopLevelExport": false,
    "fileUrlPath": "dist/.dts/index.d.ts",
    "releaseTag": "public",
    "isDeprecated": false,
    "initializerExcerptText": "\"high\""
  },
  {
    "canonicalReference": "fx!Level.Low:member",
    "name": "Low",
    "scopedName": "Level.Low",
    "kind": "EnumMember",
    "parentCanonicalReference": "fx!Level:enum",
    "isTopLevelExport": false,
    "fileUrlPath": "dist/.dts/index.d.ts",
    "releaseTag": "public",
    "isDeprecated": false,
    "initializerExcerptText": "1"
  },
  {
    "canonicalReference": "fx!Level.Unset:member",
    "name": "Unset",
    "scopedName": "Level.Unset",
    "kind": "EnumMember",
    "parentCanonicalReference": "fx!Level:enum",
    "isTopLevelExport": false,
    "fileUrlPath": "dist/.dts/index.d.ts",
    "releaseTag": "public",
    "isDeprecated": false,
    "initializerExcerptText": "0"
  },
  {
    "canonicalReference": "fx!LIMIT:var",
    "name": "LIMIT",
    "scopedName": "LIMIT",
    "kind": "Variable",
    "parentCanonicalReference": "fx!",
    "isTopLevelExport": true,
    "fileUrlPath": "dist/.dts/index.d.ts",
    "releaseTag": "public",
    "isDeprecated": false,
    "isExported": true,
    "isReadonly": true,
    "variableTypeExcerptText": "number"
  },
  {
    "canonicalReference": "fx!Marker:interface",
    "name": "Marker",
    "scopedName": "Marker",
    "kind": "Interface",
    "parentCanonicalReference": "fx!",
    "isTopLevelExport": true,
    "fileUrlPath": "dist/.dts/index.d.ts",
    "releaseTag": "public",
    "isDeprecated": false,
    "isExported": true,
    "typeParameterNames": [],
    "extendsExcerptTexts": []
  },
  {
    "canonicalReference": "fx!Marker#mark:member(1)",
    "name": "mark",
    "scopedName": "Marker.mark()",
    "kind": "MethodSignature",
    "parentCanonicalReference": "fx!Marker:interface",
    "isTopLevelExport": false,
    "fileUrlPath": "dist/.dts/index.d.ts",
    "releaseTag": "public",
    "isDeprecated": false,
    "parameters": [],
    "returnTypeExcerptText": "void",
    "isOptional": false,
    "overloadIndex": 1,
    "typeParameterNames": []
  },
  {
    "canonicalReference": "fx!NS:namespace",
    "name": "NS",
    "scopedName": "NS",
    "kind": "Namespace",
    "parentCanonicalReference": "fx!",
    "isTopLevelExport": true,
    "fileUrlPath": "dist/.dts/index.d.ts",
    "releaseTag": "public",
    "isDeprecated": false,
    "isExported": true
  },
  {
    "canonicalReference": "fx!NS.inner:function(1)",
    "name": "inner",
    "scopedName": "NS.inner()",
    "kind": "Function",
    "parentCanonicalReference": "fx!NS:namespace",
    "isTopLevelExport": false,
    "fileUrlPath": "dist/.dts/index.d.ts",
    "releaseTag": "public",
    "isDeprecated": false,
    "isExported": true,
    "parameters": [
      {
        "name": "a",
        "isOptional": false,
        "typeExcerptText": "string"
      }
    ],
    "returnTypeExcerptText": "void",
    "overloadIndex": 1,
    "typeParameterNames": []
  },
  {
    "canonicalReference": "fx!NS.k:var",
    "name": "k",
    "scopedName": "NS.k",
    "kind": "Variable",
    "parentCanonicalReference": "fx!NS:namespace",
    "isTopLevelExport": false,
    "fileUrlPath": "dist/.dts/index.d.ts",
    "releaseTag": "public",
    "isDeprecated": false,
    "isExported": true,
    "isReadonly": true,
    "variableTypeExcerptText": "1"
  },
  {
    "canonicalReference": "fx!Plain:class",
    "name": "Plain",
    "scopedName": "Plain",
    "kind": "Class",
    "parentCanonicalReference": "fx!",
    "isTopLevelExport": true,
    "fileUrlPath": "dist/.dts/index.d.ts",
    "releaseTag": "public",
    "isDeprecated": false,
    "isExported": true,
    "typeParameterNames": [],
    "extendsExcerptTexts": [],
    "implementsExcerptTexts": []
  },
  {
    "canonicalReference": "fx!Root:class",
    "name": "Root",
    "scopedName": "Root",
    "kind": "Class",
    "parentCanonicalReference": "fx!",
    "isTopLevelExport": true,
    "fileUrlPath": "dist/.dts/index.d.ts",
    "releaseTag": "public",
    "isDeprecated": false,
    "isExported": true,
    "typeParameterNames": [],
    "extendsExcerptTexts": [],
    "implementsExcerptTexts": []
  },
  {
    "canonicalReference": "fx!Root#root:member",
    "name": "root",
    "scopedName": "Root.root",
    "kind": "Property",
    "parentCanonicalReference": "fx!Root:class",
    "isTopLevelExport": false,
    "fileUrlPath": "dist/.dts/index.d.ts",
    "releaseTag": "public",
    "isDeprecated": false,
    "propertyTypeExcerptText": "boolean",
    "isOptional": false,
    "isReadonly": false
  },
  {
    "canonicalReference": "fx!untagged:function(1)",
    "name": "untagged",
    "scopedName": "untagged()",
    "kind": "Function",
    "parentCanonicalReference": "fx!",
    "isTopLevelExport": true,
    "fileUrlPath": "dist/.dts/index.d.ts",
    "releaseTag": "public",
    "isDeprecated": false,
    "isExported": true,
    "parameters": [],
    "returnTypeExcerptText": "void",
    "overloadIndex": 1,
    "typeParameterNames": []
  },
  {
    "canonicalReference": "fx!usesPrivate:function(1)",
    "name": "usesPrivate",
    "scopedName": "usesPrivate()",
    "kind": "Function",
    "parentCanonicalReference": "fx!",
    "isTopLevelExport": true,
    "fileUrlPath": "dist/.dts/index.d.ts",
    "releaseTag": "public",
    "isDeprecated": false,
    "isExported": true,
    "parameters": [],
    "returnTypeExcerptText": "Private",
    "overloadIndex": 1,
    "typeParameterNames": []
  },
  {
    "canonicalReference": "fx!Widget:class",
    "name": "Widget",
    "scopedName": "Widget",
    "kind": "Class",
    "parentCanonicalReference": "fx!",
    "isTopLevelExport": true,
    "fileUrlPath": "dist/.dts/index.d.ts",
    "releaseTag": "public",
    "isDeprecated": false,
    "isExported": true,
    "typeParameterNames": [
      "T",
      "U"
    ],
    "extendsExcerptTexts": [
      "Root"
    ],
    "implementsExcerptTexts": [
      "Base",
      "Marker"
    ]
  },
  {
    "canonicalReference": "fx!Widget:constructor(1)",
    "scopedName": "Widget.(constructor)",
    "kind": "Constructor",
    "parentCanonicalReference": "fx!Widget:class",
    "isTopLevelExport": false,
    "fileUrlPath": "dist/.dts/index.d.ts",
    "releaseTag": "public",
    "isDeprecated": false,
    "parameters": [
      {
        "name": "first",
        "isOptional": false,
        "typeExcerptText": "T"
      },
      {
        "name": "second",
        "isOptional": true,
        "typeExcerptText": "number"
      }
    ],
    "overloadIndex": 1
  },
  {
    "canonicalReference": "fx!Widget#first:member",
    "name": "first",
    "scopedName": "Widget.first",
    "kind": "Property",
    "parentCanonicalReference": "fx!Widget:class",
    "isTopLevelExport": false,
    "fileUrlPath": "dist/.dts/index.d.ts",
    "releaseTag": "public",
    "isDeprecated": false,
    "propertyTypeExcerptText": "T",
    "isOptional": false,
    "isReadonly": false
  },
  {
    "canonicalReference": "fx!Widget#frozen:member",
    "name": "frozen",
    "scopedName": "Widget.frozen",
    "kind": "Property",
    "parentCanonicalReference": "fx!Widget:class",
    "isTopLevelExport": false,
    "fileUrlPath": "dist/.dts/index.d.ts",
    "releaseTag": "public",
    "isDeprecated": false,
    "propertyTypeExcerptText": "U | undefined",
    "isOptional": false,
    "isReadonly": true
  },
  {
    "canonicalReference": "fx!Widget#id:member",
    "name": "id",
    "scopedName": "Widget.id",
    "kind": "Property",
    "parentCanonicalReference": "fx!Widget:class",
    "isTopLevelExport": false,
    "fileUrlPath": "dist/.dts/index.d.ts",
    "releaseTag": "public",
    "isDeprecated": false,
    "propertyTypeExcerptText": "string",
    "isOptional": false,
    "isReadonly": false
  },
  {
    "canonicalReference": "fx!Widget#mark:member(1)",
    "name": "mark",
    "scopedName": "Widget.mark()",
    "kind": "Method",
    "parentCanonicalReference": "fx!Widget:class",
    "isTopLevelExport": false,
    "fileUrlPath": "dist/.dts/index.d.ts",
    "releaseTag": "public",
    "isDeprecated": false,
    "parameters": [],
    "returnTypeExcerptText": "void",
    "isOptional": false,
    "overloadIndex": 1,
    "typeParameterNames": []
  },
  {
    "canonicalReference": "fx!Widget#maybe:member",
    "name": "maybe",
    "scopedName": "Widget.maybe",
    "kind": "Property",
    "parentCanonicalReference": "fx!Widget:class",
    "isTopLevelExport": false,
    "fileUrlPath": "dist/.dts/index.d.ts",
    "releaseTag": "public",
    "isDeprecated": false,
    "propertyTypeExcerptText": "string",
    "isOptional": true,
    "isReadonly": false
  },
  {
    "canonicalReference": "fx!Widget#old:member(1)",
    "name": "old",
    "scopedName": "Widget.old()",
    "kind": "Method",
    "parentCanonicalReference": "fx!Widget:class",
    "isTopLevelExport": false,
    "fileUrlPath": "dist/.dts/index.d.ts",
    "releaseTag": "public",
    "isDeprecated": true,
    "parameters": [],
    "returnTypeExcerptText": "void",
    "isOptional": false,
    "overloadIndex": 1,
    "typeParameterNames": []
  },
  {
    "canonicalReference": "fx!Widget#run:member(1)",
    "name": "run",
    "scopedName": "Widget.run()",
    "kind": "Method",
    "parentCanonicalReference": "fx!Widget:class",
    "isTopLevelExport": false,
    "fileUrlPath": "dist/.dts/index.d.ts",
    "releaseTag": "public",
    "isDeprecated": false,
    "parameters": [
      {
        "name": "input",
        "isOptional": false,
        "typeExcerptText": "string"
      }
    ],
    "returnTypeExcerptText": "string",
    "isOptional": false,
    "overloadIndex": 1,
    "typeParameterNames": []
  },
  {
    "canonicalReference": "fx!Widget#run:member(2)",
    "name": "run",
    "scopedName": "Widget.run()",
    "kind": "Method",
    "parentCanonicalReference": "fx!Widget:class",
    "isTopLevelExport": false,
    "fileUrlPath": "dist/.dts/index.d.ts",
    "releaseTag": "public",
    "isDeprecated": false,
    "parameters": [
      {
        "name": "input",
        "isOptional": false,
        "typeExcerptText": "number"
      },
      {
        "name": "flag",
        "isOptional": true,
        "typeExcerptText": "boolean"
      }
    ],
    "returnTypeExcerptText": "number",
    "isOptional": false,
    "overloadIndex": 2,
    "typeParameterNames": []
  }
]
